// Jest Snapshot v1, https://goo.gl/fbAQLP

exports[`App Test Snapshot 1`] = `
<div
  className="container"
  style={
    Object {
      "paddingTop": 20,
    }
  }
>
  <div
    className="row"
  >
    <div
      className="col"
    >
      <div>
        <div
          className="col"
        >
          <div
            className="row"
          >
            <div
              className="col col-sm-4"
            >
              <h3
                className="text-muted"
              >
                Project name
              </h3>
            </div>
            <div
              className="col col-sm-8"
            >
              <ul
                className="nav nav-pills"
                style={
                  Object {
                    "float": "right",
                  }
                }
              >
                <li
                  className="nav-item"
                >
                  <a
                    aria-current={false}
                    className="nav-link"
                    href="/"
                    onClick={[Function]}
                    style={undefined}
                  >
                    Home
                  </a>
                </li>
                <li
                  className="nav-item"
                >
                  <a
                    aria-current={false}
                    className="nav-link"
                    href="/githubviewer"
                    onClick={[Function]}
                    style={undefined}
                  >
                    GitHub Viewer
                  </a>
                </li>
                <li
                  className="nav-item"
                >
                  <a
                    aria-current={false}
                    className="nav-link"
                    href="/about"
                    onClick={[Function]}
                    style={undefined}
                  >
                    About
                  </a>
                </li>
                <li
                  className="nav-item"
                >
                  <a
                    aria-current={false}
                    className="nav-link"
                    href="/contact"
                    onClick={[Function]}
                    style={undefined}
                  >
                    Contact
                  </a>
                </li>
              </ul>
            </div>
          </div>
        </div>
        <hr />
      </div>
    </div>
  </div>
</div>
`;
